// Jest Snapshot v1, https://goo.gl/fbAQLP

exports[`<Button /> should match snapshot 1`] = `
<div>
  <button
    class="Btn"
    disabled=""
  >
    Load more
  </button>
</div>
`;
