// Jest Snapshot v1, https://goo.gl/fbAQLP

exports[`<ShearchBar /> should match snapshot 1`] = `
<div>
  <div>
    <input
      placeholder="pesquise aqui"
      value=""
    />
  </div>
</div>
`;
